
 RUN  v5.0.0 /Users/server/dev/yap-capability-skill

 ❯ packages/core/src/asset-transcript.test.ts (17 tests | 1 failed | 16 skipped) 46ms
   × selected transcript native refusal leaves no generation, indexed row or output 45ms

⎯⎯⎯⎯⎯⎯⎯ Failed Tests 1 ⎯⎯⎯⎯⎯⎯⎯

 FAIL  packages/core/src/asset-transcript.test.ts > selected transcript native refusal leaves no generation, indexed row or output
AssertionError: Raw transcript ownership differs from its receipt: expected { …(9) } to match object { state: 'failed', …(3) }
(6 matching properties omitted from actual)

- Expected
+ Received

  {
-   "published": null,
-   "reason": "Raw transcript ownership differs from its receipt",
+   "published": {
+     "generation": 1,
+     "transcript": {
+       "available": [
+         {
+           "endUs": 4000000,
+           "startUs": 500000,
+         },
+         {
+           "endUs": 8000000,
+           "startUs": 5500000,
+         },
+         {
+           "endUs": 8600000,
+           "startUs": 8500000,
+         },
+       ],
+       "engine": {
+         "computeUnits": "cpuAndNeuralEngine",
+         "decoder": "parakeet-tdt-batch",
+         "encoderPrecision": "int8",
+         "kindPolicy": "word-kind-v1",
+         "model": "model",
+         "modelDigest": "aaaaaaaaaaaaaaaaaaaaaaaaaaaaaaaaaaaaaaaaaaaaaaaaaaaaaaaaaaaaaaaa",
+         "modelRevision": "revision",
+         "policy": "transcript-v3",
+         "runtime": "FluidAudio",
+         "runtimeRevision": "runtime",
+         "runtimeVersion": "0.15.7",
+       },
+       "execution": {
+         "context": {
+           "afterUs": 0,
+           "beforeUs": 0,
+         },
+         "executionRange": null,
+         "recipe": "source-windows-20s-context4s-guard1s-v2",
+       },
+       "gapCount": 5,
+       "generation": "4779cc7b-bbe6-4101-b803-c8e7aba05ec6",
+       "maxWordUs": 600000,
+       "owner": {
+         "assetId": "9c1fac2baae7b19204d4ebbe518d8c1d2613696917d6a9132e6c1d991518c559",
+         "kind": "asset",
+       },
+       "raw": {
+         "bytes": 1023,
+         "sha256": "7e944b523ed9f0bf58ace6df0c423be8e40b5fe17699642dada9fe8ffb2a02e3",
+       },
+       "segmentCount": 3,
+       "source": {
+         "durationUs": 10000000,
+         "kind": "asset",
+         "streamId": "track:2",
+         "supportDigest": "eac5acc3b3c1d50f1c292998c183405c2b75ea01cade30f2cecbb1be601c5479",
+       },
+       "sourceId": "9c1fac2baae7b19204d4ebbe518d8c1d2613696917d6a9132e6c1d991518c559",
+       "track": {
+         "source": "/tmp/asset-transcript-720BIS/assets/9c1fac2baae7b19204d4ebbe518d8c1d2613696917d6a9132e6c1d991518c559.mov",
+         "sourceOffsetUs": -250000,
+         "streamId": "track:2",
+       },
+       "wordCount": 7,
+     },
+   },
+   "reason": null,
    "retryable": false,
-   "state": "failed",
+   "state": "ready",
  }

 ❯ packages/core/src/asset-transcript.test.ts:824:28
    822|       ),
    823|     });
    824|     expect(status, reason).toMatchObject({
       |                            ^
    825|       state: "failed",
    826|       reason,

⎯⎯⎯⎯⎯⎯⎯⎯⎯⎯⎯⎯⎯⎯⎯⎯⎯⎯⎯⎯⎯⎯⎯⎯[1/1]⎯


 Test Files  1 failed (1)
      Tests  1 failed | 16 skipped (17)
   Start at  22:41:36
   Duration  576ms (transform 65%, import 25%, tests 9%)
