Fetching binary artifact https://github.com/FluidInference/text-processing-rs/releases/download/v0.3.0/NemoTextProcessing.xcframework.zip from cache
Fetched https://github.com/FluidInference/text-processing-rs/releases/download/v0.3.0/NemoTextProcessing.xcframework.zip from cache (1.39s)
warning: 'mac': found 1 file(s) which are unhandled; explicitly declare them as resources or exclude from the target
    /Users/server/dev/yap-local-alignment/helpers/mac/Sources/YapSpeech/README.md
warning: 'mac': found 1 file(s) which are unhandled; explicitly declare them as resources or exclude from the target
    /Users/server/dev/yap-local-alignment/helpers/mac/Sources/YapFrames/README.md
warning: 'mac': found 1 file(s) which are unhandled; explicitly declare them as resources or exclude from the target
    /Users/server/dev/yap-local-alignment/helpers/mac/Sources/YapCapture/README.md
warning: 'mac': found 1 file(s) which are unhandled; explicitly declare them as resources or exclude from the target
    /Users/server/dev/yap-local-alignment/helpers/mac/Sources/YapAudio/README.md
warning: 'mac': found 1 file(s) which are unhandled; explicitly declare them as resources or exclude from the target
    /Users/server/dev/yap-local-alignment/helpers/mac/Sources/YapMedia/README.md
Building for debugging...
[0/31] Write yap-native-entitlement.plist
[1/31] Write swift-version--58304C5D6DBC2206.txt
[2/31] Write sources
[8/44] Compiling nnet_default.c
[9/44] Write sources
[12/44] Compiling MachTaskSelfWrapper MachTaskSelf.c
[13/44] Copying luxtts_en_us_lexicon.tsv.zz
[13/44] Copying luxtts_en_us_g2p_aux.json
[13/44] Write sources
[16/44] Compiling FastClusterWrapper FastClusterWrapper.cpp
[17/44] Compiling CSignalsmith Signalsmith.cpp
[19/69] Emitting module YapMedia
[20/69] Compiling FluidAudio CanaryConfig.swift
[21/69] Compiling FluidAudio CanaryKeywordBooster.swift
[22/69] Compiling FluidAudio CanaryManager.swift
[23/69] Compiling FluidAudio CanaryModels.swift
[24/69] Compiling FluidAudio CohereAsrConfig.swift
[25/69] Compiling FluidAudio CoherePipeline.swift
[26/69] Compiling FluidAudio ParaformerCif.swift
[27/69] Compiling FluidAudio ParaformerConfig.swift
[28/69] Compiling FluidAudio ParaformerManager.swift
[29/69] Compiling FluidAudio ParaformerModels.swift
[30/69] Compiling FluidAudio AsrTypes.swift
[31/69] Compiling FluidAudio AudioBuffer.swift
[32/80] Compiling YapMedia FontProbe.swift
[33/80] Compiling YapMedia MediaInput.swift
[34/80] Compiling YapMedia MediaProbe.swift
[35/80] Compiling YapMedia NativeFailure.swift
[36/80] Compiling YapMedia OutputFile.swift
[37/80] Compiling YapMedia ProcessResources.swift
[38/80] Compiling YapMedia SampleTiming.swift
[39/80] Compiling YapMedia ScalarProgram.swift
[40/80] Compiling YapMedia StillImageSource.swift
[41/80] Compiling YapMedia TimeSpan.swift
[42/80] Compiling YapMedia VideoDisplay.swift
[43/80] Emitting module FluidAudio
[67/80] Compiling FluidAudio VocabularyBoostingSession.swift
[67/128] Compiling CSignalsmith Paged.cpp
[69/139] Compiling FluidAudio BpeTokenizer.swift
[70/139] Compiling FluidAudio CtcDPAlgorithm.swift
[71/139] Compiling FluidAudio CtcKeywordSpotter+Inference.swift
[72/139] Compiling FluidAudio CtcKeywordSpotter.swift
[73/139] Compiling FluidAudio CtcModels.swift
[74/139] Compiling FluidAudio CtcTokenizer.swift
[75/139] Compiling FluidAudio SlidingWindowAsrManager.swift
[76/139] Compiling FluidAudio SlidingWindowAsrSession.swift
[77/139] Compiling FluidAudio AsrManager+Pipeline.swift
[78/139] Compiling FluidAudio AsrManager+TokenProcessing.swift
[79/139] Compiling FluidAudio AsrManager+Transcription.swift
[80/139] Compiling FluidAudio AsrManager.swift
[81/139] Compiling FluidAudio AsrModels.swift
[82/139] Compiling FluidAudio ChunkProcessor.swift
[83/139] Compiling FluidAudio BlasIndex.swift
[84/139] Compiling FluidAudio EncoderFrameView.swift
[85/139] Compiling FluidAudio TdtConfig.swift
[86/139] Compiling FluidAudio TdtDecoderState.swift
[87/139] Compiling FluidAudio TdtDecoderV2.swift
[88/139] Compiling FluidAudio TdtDecoderV3.swift
[89/139] Compiling FluidAudio TdtDurationMapping.swift
[90/139] Compiling FluidAudio TdtFrameNavigation.swift
[91/139] Compiling FluidAudio TdtHypothesis.swift
[92/139] Compiling FluidAudio TdtJointDecision.swift
[93/163] Compiling YapFrames AcousticImage.swift
[94/163] Compiling YapFrames CompositionFrameRenderer.swift
[95/163] Compiling YapFrames CompositionPictureExecutor.swift
[96/163] Compiling YapFrames CompositionVideoRenderer.swift
[97/163] Compiling YapFrames CursorOverlay.swift
[98/163] Compiling YapFrames FrameImage.swift
[99/163] Compiling YapFrames FrameTypes.swift
[100/163] Compiling YapFrames MovieClock.swift
[101/163] Compiling YapFrames OutputSettings.swift
[102/163] Compiling YapFrames PreparedPointers.swift
[103/163] Emitting module YapFrames
[104/172] Compiling YapFrames PresentationEvidence.swift
[105/172] Compiling YapFrames PresentationSource.swift
[106/172] Compiling YapFrames RetainedJSONLines.swift
[107/172] Compiling YapFrames SDRCorrection.swift
[108/172] Compiling YapFrames SourceFrameRenderer.swift
[109/172] Compiling YapFrames SourceImageRenderer.swift
[110/172] Compiling YapFrames SourceVisualSamples.swift
[111/172] Compiling YapFrames TextRaster.swift
[112/172] Compiling YapFrames VideoColorPolicy.swift
[113/174] Compiling YapStretch SignalsmithProcessor.swift
[114/174] Emitting module YapStretch
[115/189] Compiling FluidAudio SequenceMatch.swift
[116/189] Compiling FluidAudio SequenceMatcher.swift
[117/189] Compiling FluidAudio StreamingUnifiedAsrManager.swift
[118/189] Compiling FluidAudio UnifiedAsrManager.swift
[119/189] Compiling FluidAudio UnifiedConfig.swift
[120/189] Compiling FluidAudio UnifiedFeatureProviders.swift
[121/189] Compiling FluidAudio UnifiedMelExtractor.swift
[122/189] Compiling FluidAudio UnifiedRnntDecoder.swift
[123/189] Compiling FluidAudio UnifiedStreamingWindower.swift
[124/189] Compiling FluidAudio SenseVoiceConfig.swift
[125/189] Compiling FluidAudio SenseVoiceManager.swift
[126/189] Compiling FluidAudio SenseVoiceModels.swift
[127/189] Compiling FluidAudio LogitsArgmax.swift
[128/189] Compiling FluidAudio PunctuationCommitLayer.swift
[129/189] Compiling FluidAudio SpeakerManager.swift
[130/189] Compiling FluidAudio SpeakerOperations.swift
[131/189] Compiling FluidAudio SpeakerTypes.swift
[132/189] Compiling FluidAudio DiarizerManager.swift
[133/189] Compiling FluidAudio DiarizerModels.swift
[134/189] Compiling FluidAudio DiarizerTypes.swift
[135/189] Compiling FluidAudio DiarizationDER.swift
[136/189] Compiling FluidAudio DiarizerProtocol.swift
[137/189] Compiling FluidAudio DiarizerTimeline.swift
[138/189] Compiling FluidAudio EmbeddingExtractor.swift
[139/213] Compiling FluidAudio TdtJointInputProvider.swift
[140/213] Compiling FluidAudio TdtModelInference.swift
[141/213] Compiling FluidAudio DualDecodeArbitration.swift
[142/213] Compiling FluidAudio StreamingEouAsrManager.swift
[143/213] Compiling FluidAudio EncoderCacheManager.swift
[144/213] Compiling FluidAudio NemotronChunkSize.swift
[145/213] Compiling FluidAudio NemotronMelExtractor.swift
[146/213] Compiling FluidAudio NemotronMultilingualStreamingConfig.swift
[147/213] Compiling FluidAudio NemotronMultilingualTokenizer.swift
[148/213] Compiling FluidAudio NemotronStreamingConfig.swift
[149/213] Compiling FluidAudio NemotronVocabularyBias.swift
[150/213] Compiling FluidAudio StreamingNemotronAsrManager+Pipeline.swift
[151/213] Compiling FluidAudio StreamingNemotronAsrManager.swift
[152/213] Compiling FluidAudio StreamingNemotronMultilingualAsrManager+BlankRescue.swift
[153/213] Compiling FluidAudio StreamingNemotronMultilingualAsrManager+Buffers.swift
[154/213] Compiling FluidAudio StreamingNemotronMultilingualAsrManager+Decode.swift
[155/213] Compiling FluidAudio StreamingNemotronMultilingualAsrManager+Pipeline.swift
[156/213] Compiling FluidAudio StreamingNemotronMultilingualAsrManager+Shared.swift
[157/213] Compiling FluidAudio StreamingNemotronMultilingualAsrManager.swift
[158/213] Compiling FluidAudio ParakeetModelVariant.swift
[159/213] Compiling FluidAudio RnntDecoder.swift
[160/213] Compiling FluidAudio StreamingAsrManager.swift
[161/213] Compiling FluidAudio StreamingAsrUtils.swift
[162/213] Compiling FluidAudio Tokenizer.swift
[163/237] Compiling FluidAudio OfflineSortformerDiarizer.swift
[164/237] Compiling FluidAudio SortformerSpeakerStitcher.swift
[165/237] Compiling FluidAudio SortformerDiarizer.swift
[166/237] Compiling FluidAudio SortformerModelInference.swift
[167/237] Compiling FluidAudio SortformerStateUpdater.swift
[168/237] Compiling FluidAudio SortformerTypes.swift
[169/237] Compiling FluidAudio FluidAudioSwift.swift
[170/237] Compiling FluidAudio TextNormalizer.swift
[171/237] Compiling FluidAudio ModelNames.swift
[172/237] Compiling FluidAudio ModelRegistry.swift
[173/237] Compiling FluidAudio ANEMemoryOptimizer.swift
[174/237] Compiling FluidAudio ANEMemoryUtils.swift
[175/237] Compiling FluidAudio ASRConstants.swift
[176/237] Compiling FluidAudio AppLogger.swift
[177/237] Compiling FluidAudio AssetDownloader.swift
[178/237] Compiling FluidAudio AudioConverter.swift
[179/237] Compiling FluidAudio AudioMelSpectrogram.swift
[180/237] Compiling FluidAudio AudioSampleSource.swift
[181/237] Compiling FluidAudio AudioSource.swift
[182/237] Compiling FluidAudio AudioSourceFactory.swift
[183/237] Compiling FluidAudio AudioStream.swift
[184/237] Compiling FluidAudio DownloadTypes.swift
[185/237] Compiling FluidAudio FileDownloader.swift
[186/237] Compiling FluidAudio HFClient.swift
[187/261] Compiling FluidAudio HungarianAssignment.swift
[188/261] Compiling FluidAudio LSEENDDiarizer.swift
[189/261] Compiling FluidAudio LSEENDInference.swift
[190/261] Compiling FluidAudio LSEENDPreprocessor.swift
[191/261] Compiling FluidAudio LSEENDTypes.swift
[192/261] Compiling FluidAudio AHCClustering.swift
[193/261] Compiling FluidAudio ConstrainedClusterAssignment.swift
[194/261] Compiling FluidAudio KMeansClustering.swift
[195/261] Compiling FluidAudio SpeakerCountConstraints.swift
[196/261] Compiling FluidAudio VBxClustering.swift
[197/261] Compiling FluidAudio OfflineDiarizerManager.swift
[198/261] Compiling FluidAudio OfflineDiarizerModels.swift
[199/261] Compiling FluidAudio OfflineDiarizerTypes.swift
[200/261] Compiling FluidAudio PreparedDiarization.swift
[201/261] Compiling FluidAudio OfflineEmbeddingExtractor.swift
[202/261] Compiling FluidAudio PLDATransform.swift
[203/261] Compiling FluidAudio WeightInterpolation.swift
[204/261] Compiling FluidAudio OfflineSegmentationProcessor.swift
[205/261] Compiling FluidAudio OfflineReconstruction.swift
[206/261] Compiling FluidAudio VDSPOperations.swift
[207/261] Compiling FluidAudio ZeroVoteReembedder.swift
[208/261] Compiling FluidAudio AudioValidation.swift
[209/261] Compiling FluidAudio SegmentationProcessor.swift
[210/261] Compiling FluidAudio SlidingWindow.swift
[211/284] Compiling FluidAudio HFTreeLister.swift
[212/284] Compiling FluidAudio ModelCache.swift
[213/284] Compiling FluidAudio ModelHub.swift
[214/284] Compiling FluidAudio ProgressReporter.swift
[215/284] Compiling FluidAudio RetryPolicy.swift
[216/284] Compiling FluidAudio Float16Conversion.swift
[217/284] Compiling FluidAudio MLArrayCache.swift
[218/284] Compiling FluidAudio MLModel+Prediction.swift
[219/284] Compiling FluidAudio MLModelConfigurationUtils.swift
[220/284] Compiling FluidAudio MLMultiArray+Extensions.swift
[221/284] Compiling FluidAudio ModelWarmup.swift
[222/284] Compiling FluidAudio PerformanceMetrics.swift
[223/284] Compiling FluidAudio ProgressEmitter.swift
[224/284] Compiling FluidAudio StringUtils.swift
[225/284] Compiling FluidAudio SystemInfo.swift
[226/284] Compiling FluidAudio TokenLanguageFilter.swift
[227/284] Compiling FluidAudio ZeroCopyFeatureProvider.swift
[228/284] Compiling FluidAudio CampPlusEmbedder.swift
[229/284] Compiling FluidAudio CampPlusModels.swift
[230/284] Compiling FluidAudio G2PModel.swift
[231/284] Compiling FluidAudio MultilingualG2PError.swift
[232/284] Compiling FluidAudio MultilingualG2PLanguage.swift
[233/284] Compiling FluidAudio MultilingualG2PModel.swift
[234/284] Compiling FluidAudio InflectModelStore.swift
[235/307] Compiling FluidAudio InflectResourceDownloader.swift
[236/307] Compiling FluidAudio InflectConstants.swift
[237/307] Compiling FluidAudio InflectError.swift
[238/307] Compiling FluidAudio InflectManager.swift
[239/307] Compiling FluidAudio InflectSymbols.swift
[240/307] Compiling FluidAudio InflectVariant.swift
[241/307] Compiling FluidAudio InflectNoise.swift
[242/307] Compiling FluidAudio InflectSynthesizer.swift
[243/307] Compiling FluidAudio KokoroAneModelCacheMigration.swift
[244/307] Compiling FluidAudio KokoroAneResourceDownloader.swift
[245/307] Compiling FluidAudio KokoroAneVocab.swift
[246/307] Compiling FluidAudio KokoroAneEnglishPhonemizer.swift
[247/307] Compiling FluidAudio MandarinBertTokenizer.swift
[248/307] Compiling FluidAudio MandarinBopomofoMap.swift
[249/307] Compiling FluidAudio MandarinCustomLexicon.swift
[250/307] Compiling FluidAudio MandarinErhua.swift
[251/307] Compiling FluidAudio MandarinG2P.swift
[252/307] Compiling FluidAudio MandarinG2pwModel.swift
[253/307] Compiling FluidAudio MandarinJiebaHmm.swift
[254/307] Compiling FluidAudio MandarinJiebaTables.swift
[255/307] Compiling FluidAudio MandarinNumberNormalizer.swift
[256/307] Compiling FluidAudio MandarinPinyinDict.swift
[257/307] Compiling FluidAudio MandarinPinyinNormalizer.swift
[258/330] Compiling YapCapture CameraCaptureInput.swift
[259/330] Compiling YapCapture CameraMedia.swift
[260/330] Compiling YapCapture CameraWriter.swift
[261/330] Compiling YapCapture CaptureAudioMaterializer.swift
[262/330] Compiling YapCapture CaptureAudioPublication.swift
[263/330] Compiling YapCapture CaptureClock.swift
[264/330] Compiling YapCapture CaptureClockIngress.swift
[265/330] Compiling YapCapture CaptureExclusion.swift
[266/330] Compiling YapCapture CaptureGeneration.swift
[267/330] Compiling YapCapture CaptureInputSession.swift
[268/330] Compiling YapCapture CaptureJournal.swift
[269/330] Compiling YapCapture CaptureJournalLease.swift
[270/330] Compiling YapCapture CaptureMediaInspection.swift
[271/330] Compiling YapCapture CapturePCM.swift
[272/330] Emitting module YapCapture
[273/343] Compiling FluidAudio MandarinPolyphoneCatalog.swift
[274/343] Compiling FluidAudio MandarinToneSandhi.swift
[275/343] Compiling FluidAudio MandarinToneSandhiPOS.swift
[276/343] Compiling FluidAudio KokoroAneConstants.swift
[277/343] Compiling FluidAudio KokoroAneError.swift
[278/343] Compiling FluidAudio KokoroAneManager.swift
[279/343] Compiling FluidAudio KokoroAneModelStore.swift
[280/343] Compiling FluidAudio KokoroAneSynthesizer+Conversion.swift
[281/343] Compiling FluidAudio KokoroAneSynthesizer+Types.swift
[282/343] Compiling FluidAudio KokoroAneSynthesizer.swift
[283/343] Compiling FluidAudio KokoroAneVoicePack.swift
[284/343] Compiling FluidAudio LuxTtsEnglishNormalizer.swift
[285/343] Compiling FluidAudio LuxTtsG2p.swift
[286/343] Compiling FluidAudio LuxTtsConstants.swift
[287/343] Compiling FluidAudio LuxTtsError.swift
[288/343] Compiling FluidAudio LuxTtsManager.swift
[289/343] Compiling FluidAudio LuxTtsMelExtractor.swift
[290/343] Compiling FluidAudio LuxTtsModelStore.swift
[291/343] Compiling FluidAudio LuxTtsSolver.swift
[292/343] Compiling FluidAudio LuxTtsSynthesizer.swift
[293/343] Compiling FluidAudio LuxTtsTokenizer.swift
[294/343] Compiling FluidAudio NeuTtsConstants.swift
[295/343] Compiling FluidAudio NeuTtsManager.swift
[296/366] Compiling FluidAudio NeuTtsModels.swift
[297/366] Compiling FluidAudio NeuTtsPrompt.swift
[298/366] Compiling FluidAudio NeuTtsSynthesizer.swift
[299/366] Compiling FluidAudio NeuTtsBpeTokenizer.swift
[300/366] Compiling FluidAudio PocketTtsConstantsLoader.swift
[301/366] Compiling FluidAudio PocketTtsResourceDownloader.swift
[302/366] Compiling FluidAudio PocketTtsLayerKeys.swift
[303/366] Compiling FluidAudio PocketTtsMimiKeys.swift
[304/366] Compiling FluidAudio PocketTtsModelStore.swift
[305/366] Compiling FluidAudio PocketTtsSession.swift
[306/366] Compiling FluidAudio PocketTtsStateEngine.swift
[307/366] Compiling FluidAudio PocketTtsSynthesizer+Flow.swift
[308/366] Compiling FluidAudio PocketTtsSynthesizer+KVCache.swift
[309/366] Compiling FluidAudio PocketTtsSynthesizer+Mimi.swift
[310/366] Compiling FluidAudio PocketTtsSynthesizer+State.swift
[311/366] Compiling FluidAudio PocketTtsSynthesizer+Types.swift
[312/366] Compiling FluidAudio PocketTtsSynthesizer.swift
[313/366] Compiling FluidAudio PocketTtsVoiceCloner.swift
[314/366] Compiling FluidAudio PocketTTSError.swift
[315/366] Compiling FluidAudio PocketTtsComputeUnits.swift
[316/366] Compiling FluidAudio PocketTtsConstants.swift
[317/366] Compiling FluidAudio PocketTtsManager.swift
[318/366] Compiling FluidAudio SentencePieceProto.swift
[319/389] Compiling YapCapture CaptureSourcePublication.swift
[320/389] Compiling YapCapture CaptureStreamInputs.swift
[321/389] Compiling YapCapture CaptureTermination.swift
[322/389] Compiling YapCapture CaptureTypes.swift
[323/389] Compiling YapCapture CaptureWriter.swift
[324/389] Compiling YapCapture ClosedCameraSource.swift
[325/389] Compiling YapCapture CursorGeometry.swift
[326/389] Compiling YapCapture HeldTailFrame.swift
[327/389] Compiling YapCapture JournalPCM.swift
[328/389] Compiling YapCapture NativeCapture.swift
[329/389] Compiling YapCapture PCMContainerTime.swift
[330/389] Compiling YapCapture SelectedCaptureProbe.swift
[331/389] Compiling YapCapture SelectedCaptureRequest.swift
[332/389] Compiling FluidAudio SentencePieceTokenizer.swift
[333/389] Compiling FluidAudio SSMLProcessor.swift
[334/389] Compiling FluidAudio SSMLTagParser.swift
[335/389] Compiling FluidAudio SSMLTypes.swift
[336/389] Compiling FluidAudio SayAsInterpreter.swift
[337/389] Compiling FluidAudio AudioPostProcessor.swift
[338/389] Compiling FluidAudio EnglishInitialisms.swift
[339/389] Compiling FluidAudio EnglishTextNormalizer.swift
[340/389] Compiling FluidAudio LexiconAssetCache.swift
[341/389] Compiling FluidAudio NemoTextNormalizer.swift
[342/389] Compiling FluidAudio PhonemeChunker.swift
[343/389] Compiling FluidAudio TTSError.swift
[344/389] Compiling FluidAudio TtsCacheDirectory.swift
[345/389] Compiling FluidAudio TtsComputeUnitPreset.swift
[346/389] Compiling FluidAudio StyleTTS2ModelStore.swift
[347/389] Compiling FluidAudio StyleTTS2ResourceDownloader.swift
[348/389] Compiling FluidAudio StyleTTS2MelExtractor.swift
[349/389] Compiling FluidAudio StyleTTS2DiffusionSchedule.swift
[350/389] Compiling FluidAudio StyleTTS2GlueOps.swift
[351/389] Compiling FluidAudio StyleTTS2MultiArray.swift
[352/389] Compiling FluidAudio StyleTTS2Synthesizer.swift
[353/389] Compiling FluidAudio StyleTTS2Phonemizer.swift
[354/389] Compiling FluidAudio StyleTTS2TextCleaner.swift
[354/389] Compiling rnnoise_tables.c
[355/389] Compiling rnn.c
[356/389] Compiling pitch.c
[357/389] Compiling parse_lpcnet_weights.c
[358/389] Compiling nnet.c
[360/389] Compiling FluidAudio StyleTTS2Constants.swift
[361/389] Compiling FluidAudio StyleTTS2Error.swift
[362/389] Compiling FluidAudio StyleTTS2Manager.swift
[363/389] Compiling FluidAudio Supertonic3ModelStore.swift
[364/389] Compiling FluidAudio Supertonic3ResourceDownloader.swift
[365/389] Compiling FluidAudio Supertonic3TextChunker.swift
[366/389] Compiling FluidAudio Supertonic3UnicodeProcessor.swift
[367/389] Compiling FluidAudio Supertonic3LatentSampler.swift
[368/389] Compiling FluidAudio Supertonic3MultiArray.swift
[369/389] Compiling FluidAudio Supertonic3Synthesizer.swift
[370/389] Compiling FluidAudio Supertonic3Constants.swift
[371/389] Compiling FluidAudio Supertonic3Error.swift
[372/389] Compiling FluidAudio Supertonic3Manager.swift
[373/389] Compiling FluidAudio Supertonic3Types.swift
[374/389] Compiling FluidAudio TtsBackend.swift
[375/389] Compiling FluidAudio TtsConstants.swift
[376/389] Compiling FluidAudio FsmnVadManager.swift
[377/389] Compiling FluidAudio FsmnVadModels.swift
[378/389] Compiling FluidAudio VadManager+SpeechSegmentation.swift
[379/389] Compiling FluidAudio VadManager+Streaming.swift
[380/389] Compiling FluidAudio VadManager.swift
[381/389] Compiling FluidAudio VadTypes.swift
[382/389] Compiling FluidAudio resource_bundle_accessor.swift
[382/389] Compiling kiss_fft.c
[383/389] Compiling denoise.c
[384/389] Compiling celt_lpc.c
[385/389] Compiling model.c
[387/391] Compiling YapDenoise RNNoiseProcessor.swift
[388/391] Emitting module YapDenoise
[389/400] Compiling YapAudio AudioPCMStream.swift
[390/400] Compiling YapAudio AudioSource.swift
[391/400] Compiling YapAudio AudioTypes.swift
[392/400] Compiling YapAudio AudioWave.swift
[393/400] Compiling YapAudio CompositionAudio.swift
[394/400] Compiling YapAudio CompositionAudioPlan.swift
[395/400] Compiling YapAudio CompositionDomain.swift
[396/400] Compiling YapAudio CompositionGain.swift
[397/400] Emitting module YapAudio
[398/407] Compiling YapAudio CompositionRetime.swift
[399/407] Compiling YapAudio CompositionState.swift
[400/407] Compiling YapAudio ExcerptLayout.swift
[401/407] Compiling YapAudio RetainedPCMSource.swift
[402/407] Compiling YapAudio SelectedAudioConversion.swift
[403/407] Compiling YapAudio SourceAudio.swift
[404/407] Compiling YapAudio SourceSpeakerPCM.swift
[405/410] Compiling YapSpeech ParakeetEngine.swift
[406/410] Compiling YapSpeech SourceTranscript.swift
[407/410] Emitting module YapSpeech
[408/412] Compiling YapSpeech SpeechModelFiles.swift
[409/412] Compiling YapSpeech WordTimingMerger.swift
[410/429] Compiling YapWire AcousticImageOperation.swift
[411/429] Compiling YapWire ArchiveAssembly.swift
[412/429] Compiling YapWire ArchiveExtraction.swift
[413/429] Compiling YapWire ArchiveOperation.swift
[414/429] Compiling YapWire AudioFileOperation.swift
[415/429] Compiling YapWire AudioSampleBuffer.swift
[416/429] Compiling YapWire CompositionAudioOperation.swift
[417/429] Compiling YapWire CompositionFrameOperation.swift
[418/429] Compiling YapWire CompositionMovieOperation.swift
[419/429] Compiling YapWire CompositionVideoOperation.swift
[420/429] Compiling YapWire Descriptors.swift
[421/429] Compiling YapWire ManagedFiles.swift
[422/429] Compiling YapWire MediaRecovery.swift
[423/429] Compiling YapWire MovieAudioTail.swift
[424/429] Compiling YapWire MovieMux.swift
[425/429] Compiling YapWire PackageWorkspace.swift
[426/429] Emitting module YapWire
[427/444] Compiling YapWire PresentationEvidenceOperation.swift
[428/444] Compiling YapWire ProbeOperation.swift
[429/444] Compiling YapWire PublicationOperation.swift
[430/444] Compiling YapWire RenderWorkspace.swift
[431/444] Compiling YapWire RetainedAudioInput.swift
[432/444] Compiling YapWire SelectedAudioConversionOperation.swift
[433/444] Compiling YapWire SourceAudioOperation.swift
[434/444] Compiling YapWire SourceEvidenceExport.swift
[435/444] Compiling YapWire SourceFrameOperation.swift
[436/444] Compiling YapWire SourceImageOperation.swift
[437/444] Compiling YapWire SourceSpeakerPCMOperation.swift
[438/444] Compiling YapWire SourceVisualSamplesOperation.swift
[439/444] Compiling YapWire SpeechOperation.swift
[440/444] Compiling YapWire Wire.swift
[441/444] Compiling YapWire WireRequest.swift
[442/447] Compiling YapNative CommandWorker.swift
[443/447] Compiling YapNative ParentLifetime.swift
[444/447] Emitting module YapNative
[445/448] Compiling YapNative main.swift
[445/448] Write Objects.LinkFileList
[446/448] Linking yap-native
[447/448] Applying yap-native
Build of product 'yap-native' complete! (28.66s)
warning: '--build-system native' has been deprecated and will be removed in a future release; please report an issue at https://github.com/swiftlang/swift-package-manager/issues if you are unable to adopt the default build system.
