✖ destination ownership fences a different staging owner and admission inspection (5.883292ms)
ℹ tests 1
ℹ suites 0
ℹ pass 0
ℹ fail 1
ℹ cancelled 0
ℹ skipped 0
ℹ todo 0
ℹ duration_ms 90.28525

✖ failing tests:

test at apps/service/tests/publication.mjs:79:3
✖ destination ownership fences a different staging owner and admission inspection (5.883292ms)
  AssertionError [ERR_ASSERTION]: Missing expected rejection.
      at async TestContext.<anonymous> (file:///Users/server/dev/yap-exact-removal/apps/service/tests/publication.mjs:84:5)
      at async Test.run (node:internal/test_runner/test:1409:7)
      at async startSubtestAfterBootstrap (node:internal/test_runner/harness:387:3) {
    generatedMessage: false,
    code: 'ERR_ASSERTION',
    actual: undefined,
    operator: 'rejects',
    diff: 'simple'
  }
