Falsification: remove unknown-displaced-byte cleanup refusal.
✖ noncooperating replacement race retains unexpected displaced bytes and refuses cleanup (641.25525ms)
ℹ tests 1
ℹ suites 0
ℹ pass 0
ℹ fail 1
ℹ cancelled 0
ℹ skipped 0
ℹ todo 0
ℹ duration_ms 676.162875

✖ failing tests:

test at helpers/mac/Tests/publication.test.mjs:186:1
✖ noncooperating replacement race retains unexpected displaced bytes and refuses cleanup (641.25525ms)
  AssertionError [ERR_ASSERTION]: {"id":"test","ok":true,"data":{"removed":true}}
  
  true !== false
  
      at TestContext.<anonymous> (file:///Users/server/dev/yap-exact-removal/helpers/mac/Tests/publication.test.mjs:196:10)
      at process.processTicksAndRejections (node:internal/process/task_queues:104:5)
      at async Test.run (node:internal/test_runner/test:1409:7)
      at async startSubtestAfterBootstrap (node:internal/test_runner/harness:387:3) {
    generatedMessage: false,
    code: 'ERR_ASSERTION',
    actual: true,
    expected: false,
    operator: 'strictEqual',
    diff: 'simple'
  }
