✖ partial-alpha multiply includes uncovered source and backdrop in premultiplied linear light (1.919542ms)
✖ soft-light keeps source/backdrop order and both branches of its light response (0.14625ms)
✖ transparent source is identity and screen/multiply neutral patches stay neutral (0.432458ms)
ℹ tests 3
ℹ suites 0
ℹ pass 0
ℹ fail 3
ℹ cancelled 0
ℹ skipped 0
ℹ todo 0
ℹ duration_ms 34.375917

✖ failing tests:

test at packages/test-harness/editing/blend-reference.test.mjs:5:1
✖ partial-alpha multiply includes uncovered source and backdrop in premultiplied linear light (1.919542ms)
  AssertionError [ERR_ASSERTION]: The expression evaluated to a falsy value:
  
    assert.ok(Math.abs(channel - .37) < 1e-12)
  
      at TestContext.<anonymous> (file:///Users/server/dev/yap-blend-sheet/packages/test-harness/editing/blend-reference.test.mjs:8:52)
      at Test.runInAsyncScope (node:async_hooks:227:14)
      at Test.run (node:internal/test_runner/test:1402:25)
      at Test.start (node:internal/test_runner/test:1262:17)
      at startSubtestAfterBootstrap (node:internal/test_runner/harness:387:17) {
    generatedMessage: true,
    code: 'ERR_ASSERTION',
    actual: false,
    expected: true,
    operator: '==',
    diff: 'simple'
  }

test at packages/test-harness/editing/blend-reference.test.mjs:12:1
✖ soft-light keeps source/backdrop order and both branches of its light response (0.14625ms)
  AssertionError [ERR_ASSERTION]: The expression evaluated to a falsy value:
  
    assert.ok(Math.abs(value - [.12, .324, .72, 1][i]) < 1e-12)
  
      at file:///Users/server/dev/yap-blend-sheet/packages/test-harness/editing/blend-reference.test.mjs:14:12
      at Array.forEach (<anonymous>)
      at TestContext.<anonymous> (file:///Users/server/dev/yap-blend-sheet/packages/test-harness/editing/blend-reference.test.mjs:13:66)
      at Test.runInAsyncScope (node:async_hooks:227:14)
      at Test.run (node:internal/test_runner/test:1402:25)
      at Test.processPendingSubtests (node:internal/test_runner/test:974:18)
      at Test.postRun (node:internal/test_runner/test:1542:19)
      at Test.run (node:internal/test_runner/test:1467:12)
      at async startSubtestAfterBootstrap (node:internal/test_runner/harness:387:3) {
    generatedMessage: true,
    code: 'ERR_ASSERTION',
    actual: false,
    expected: true,
    operator: '==',
    diff: 'simple'
  }

test at packages/test-harness/editing/blend-reference.test.mjs:18:1
✖ transparent source is identity and screen/multiply neutral patches stay neutral (0.432458ms)
  AssertionError [ERR_ASSERTION]: Expected values to be strictly deep-equal:
  + actual - expected
  
    [
  +   1.2,
  +   1.3,
  +   1.4,
  -   0.2,
  -   0.3,
  -   0.4,
      1
    ]
  
      at TestContext.<anonymous> (file:///Users/server/dev/yap-blend-sheet/packages/test-harness/editing/blend-reference.test.mjs:22:10)
      at Test.runInAsyncScope (node:async_hooks:227:14)
      at Test.run (node:internal/test_runner/test:1402:25)
      at Test.processPendingSubtests (node:internal/test_runner/test:974:18)
      at Test.postRun (node:internal/test_runner/test:1542:19)
      at Test.run (node:internal/test_runner/test:1467:12)
      at async Test.processPendingSubtests (node:internal/test_runner/test:974:7) {
    generatedMessage: true,
    code: 'ERR_ASSERTION',
    actual: [ 1.2, 1.3, 1.4, 1 ],
    expected: [ 0.2, 0.3, 0.4, 1 ],
    operator: 'deepStrictEqual',
    diff: 'simple'
  }
