
 RUN  v5.0.0 /Users/server/dev/yap-video-editing

 ❯ packages/composition/src/project-cuts.test.ts (7 tests | 1 failed | 6 skipped) 6ms
   × boundary review refuses the rounded tail beyond actual fractional support and foreign tracks 6ms

 Test Files  1 failed (1)
      Tests  1 failed | 6 skipped (7)
   Start at  06:42:43
   Duration  163ms (transform 67%, import 27%, tests 5%, worker 1%)


⎯⎯⎯⎯⎯⎯⎯ Failed Tests 1 ⎯⎯⎯⎯⎯⎯⎯

 FAIL  packages/composition/src/project-cuts.test.ts > boundary review refuses the rounded tail beyond actual fractional support and foreign tracks
AssertionError: expected [Function] to throw an error

- Expected:
null

+ Received:
undefined

 ❯ packages/composition/src/project-cuts.test.ts:139:70
    137|   expect(ending.before).toMatchObject({ clipId: "take", sourceAtUs: 7,…
    138|   expect(ending.after).toBeNull();
    139|   expect(() => index.boundary({ trackId: "audio", projectAtUs: 3 })).t…
       |                                                                      ^
    140|     "Boundary is outside the exact project extent",
    141|   );

⎯⎯⎯⎯⎯⎯⎯⎯⎯⎯⎯⎯⎯⎯⎯⎯⎯⎯⎯⎯⎯⎯⎯⎯[1/1]⎯

