configure: WARNING: unrecognized options: --disable-tests
checking for gcc... /usr/bin/clang
checking whether the C compiler works... yes
checking for C compiler default output file name... a.out
checking for suffix of executables... 
checking whether we are cross compiling... no
checking for suffix of object files... o
checking whether the compiler supports GNU C... yes
checking whether /usr/bin/clang accepts -g... yes
checking for /usr/bin/clang option to enable C11 features... none needed
checking whether /usr/bin/clang understands -c and -o together... yes
checking whether C compiler accepts -Wall... yes
checking whether C compiler accepts -Wextra... yes
checking whether C compiler accepts -Wformat=2... yes
checking whether C compiler accepts -std=gnu99... yes
checking for /usr/bin/clang options needed to detect all undeclared functions... none needed
checking whether strlcpy is declared... yes
checking whether strlcat is declared... yes
checking whether strndup is declared... yes
checking whether pledge is declared... no
checking whether unveil is declared... no
checking for stdio.h... yes
checking for stdlib.h... yes
checking for string.h... yes
checking for inttypes.h... yes
checking for stdint.h... yes
checking for strings.h... yes
checking for sys/stat.h... yes
checking for sys/types.h... yes
checking for unistd.h... yes
checking whether reallocarray is declared... no
checking for sys/stat.h... (cached) yes
checking for a BSD-compatible install... /usr/bin/install -c
checking whether sleep supports fractional seconds... yes
checking filesystem timestamp resolution... 2
checking whether build environment is sane... configure: error: unsafe srcdir value: '/tmp/screenrec zimg final/.ffmpeg-prepare-q9mtQn/pkgconf-2.5.1'
Command failed: /tmp/screenrec zimg final/.ffmpeg-prepare-q9mtQn/pkgconf-2.5.1/configure --prefix=/tmp/screenrec zimg final/.ffmpeg-prepare-q9mtQn/build-tools --disable-shared --disable-static --disable-tests
