[20:34:14.259] [INFO] [FluidAudio.OfflineDiarizer] Offline diarizer models initialized
[20:34:14.292] [DEBUG] [FluidAudio.OfflineSegmentation] Offline segmentation: chunkSize=160000, stepSize=32000, totalSamples=480000
[20:34:14.292] [DEBUG] [FluidAudio.OfflineEmbedding] Offline embedding configured with FBANK input audio[1×1×160000] → fbank_features; embedding consumes fbank_features + weights[1×589] (frames=589), maxBatch=32, output=embedding
[20:34:14.405] [DEBUG] [FluidAudio.OfflineSegmentation] Chunk 0 speaker frame counts: [0, 491, 58]
[20:34:14.426] [DEBUG] [FluidAudio.OfflineSegmentation] Segmentation histogram: speechFrames=6779 totalFrames=8835 speechRatio=0.767 avgNonSpeechProb=0.233
[Profiling] Segmentation timings: windows=15 prepareTotal=0.49ms (perWindow=0.0327ms) predictionTotal=86.81ms (perWindow=5.7870ms)
[20:34:14.426] [DEBUG] [FluidAudio.OfflineSegmentation] Segmentation mask speech frames = 6818 / 8835 (ratio=0.772, speechSeconds≈115.8s)
[20:34:14.426] [DEBUG] [FluidAudio.OfflineSegmentation] Winning speaker probability stats: count=6779, avg=0.796, min=0.254, max=0.999
[20:34:14.426] [DEBUG] [FluidAudio.OfflineSegmentation] Winning probability distribution ≥0.500:6141, ≥0.700:4603, ≥0.800:3618, ≥0.900:2961, ≥0.950:2332, ≥0.980:1571, ≥0.990:943, ≥0.995:556, ≥0.999:0
[20:34:14.426] [DEBUG] [FluidAudio.OfflineSegmentation] Empty-class probability on speech frames: avg=0.024
[20:34:14.426] [DEBUG] [FluidAudio.OfflineSegmentation] Segmentation timings: windows=15 prepareTotal=0.49ms (perWindow=0.0327ms) predictionTotal=86.81ms (perWindow=5.7870ms)
[Profiling] Embedding timings: fbankTotal=14.38ms (perWindow=0.958ms), maskPrepTotal=1.04ms (perEval=0.023ms), resampleTotal=0.00ms (perValid=0.000ms), embeddingTotal=29.64ms (perValid=1.482ms), pldaTotal=0.41ms (perValid=0.021ms), batches(fbank=1, plda=1)
[20:34:14.475] [DEBUG] [FluidAudio.OfflineEmbedding] Embedding masks generated: 20 (meanActiveFrames=268.35, fallbackMasks=0, emptyMasks=25)
[20:34:14.475] [DEBUG] [FluidAudio.OfflineEmbedding] Embedding timings: fbankTotal=14.38ms (perWindow=0.958ms), maskPrepTotal=1.04ms (perEval=0.023ms), resampleTotal=0.00ms (perValid=0.000ms), embeddingTotal=29.64ms (perValid=1.482ms), pldaTotal=0.41ms (perValid=0.021ms), batches(fbank=1, plda=1)
[20:34:14.475] [DEBUG] [FluidAudio.OfflineDiarizer] Segmentation completed in 0.13460302352905273s (async)
[20:34:14.475] [DEBUG] [FluidAudio.OfflineDiarizer] Embedding extraction produced 20 vectors in 0.18331611156463623s (async)
[20:34:14.476] [DEBUG] [FluidAudio.OfflineDiarizer] Clustering will use 20/20 embeddings (NaN filtered)
[20:34:14.476] [DEBUG] [FluidAudio.OfflineVBx] VBx warm start clusters: 10 histogram: [6: 1, 8: 1, 5: 2, 2: 4, 1: 1, 9: 1, 7: 1, 0: 3, 4: 1, 3: 5]
[20:34:14.477] [DEBUG] [FluidAudio.OfflineVBx] VBx mixture weights – min: 1.5289732423899383e-20, max: 0.8497916551522694, count: 10
[20:34:14.477] [DEBUG] [FluidAudio.OfflineDiarizer] Clustering completed in 0.0013430118560791016s with 2 centroids (assignment histogram: [1: 9, 0: 11])
[20:34:14.483] [DEBUG] [FluidAudio.OfflineReconstruction] Speaker-count histogram 0:648, 1:1349, 2:241
