[20:34:15.957] [INFO] [FluidAudio.OfflineDiarizer] Offline diarizer models initialized
[20:34:15.989] [DEBUG] [FluidAudio.OfflineSegmentation] Offline segmentation: chunkSize=160000, stepSize=16000, totalSamples=480000
[20:34:15.989] [DEBUG] [FluidAudio.OfflineEmbedding] Offline embedding configured with FBANK input audio[1×1×160000] → fbank_features; embedding consumes fbank_features + weights[1×589] (frames=589), maxBatch=32, output=embedding
[20:34:16.173] [DEBUG] [FluidAudio.OfflineSegmentation] Chunk 0 speaker frame counts: [0, 431, 249]
[20:34:16.217] [DEBUG] [FluidAudio.OfflineSegmentation] Segmentation histogram: speechFrames=13028 totalFrames=17670 speechRatio=0.737 avgNonSpeechProb=0.258
[Profiling] Segmentation timings: windows=30 prepareTotal=0.67ms (perWindow=0.0222ms) predictionTotal=158.62ms (perWindow=5.2875ms)
[20:34:16.217] [DEBUG] [FluidAudio.OfflineSegmentation] Segmentation mask speech frames = 13036 / 17670 (ratio=0.738, speechSeconds≈221.3s)
[20:34:16.217] [DEBUG] [FluidAudio.OfflineSegmentation] Winning speaker probability stats: count=13028, avg=0.913, min=0.205, max=1.000
[20:34:16.217] [DEBUG] [FluidAudio.OfflineSegmentation] Winning probability distribution ≥0.500:12811, ≥0.700:11524, ≥0.800:10390, ≥0.900:9568, ≥0.950:8754, ≥0.980:7898, ≥0.990:7111, ≥0.995:6089, ≥0.999:2763
[20:34:16.217] [DEBUG] [FluidAudio.OfflineSegmentation] Empty-class probability on speech frames: avg=0.015
[20:34:16.217] [DEBUG] [FluidAudio.OfflineSegmentation] Segmentation timings: windows=30 prepareTotal=0.67ms (perWindow=0.0222ms) predictionTotal=158.62ms (perWindow=5.2875ms)
[Profiling] Embedding timings: fbankTotal=24.32ms (perWindow=0.811ms), maskPrepTotal=1.75ms (perEval=0.019ms), resampleTotal=0.00ms (perValid=0.000ms), embeddingTotal=53.93ms (perValid=1.498ms), pldaTotal=0.63ms (perValid=0.018ms), batches(fbank=1, plda=2)
[20:34:16.304] [DEBUG] [FluidAudio.OfflineEmbedding] Embedding masks generated: 36 (meanActiveFrames=313.11, fallbackMasks=0, emptyMasks=54)
[20:34:16.304] [DEBUG] [FluidAudio.OfflineEmbedding] Embedding timings: fbankTotal=24.32ms (perWindow=0.811ms), maskPrepTotal=1.75ms (perEval=0.019ms), resampleTotal=0.00ms (perValid=0.000ms), embeddingTotal=53.93ms (perValid=1.498ms), pldaTotal=0.63ms (perValid=0.018ms), batches(fbank=1, plda=2)
[20:34:16.304] [DEBUG] [FluidAudio.OfflineDiarizer] Segmentation completed in 0.22833704948425293s (async)
[20:34:16.304] [DEBUG] [FluidAudio.OfflineDiarizer] Embedding extraction produced 36 vectors in 0.3153179883956909s (async)
[20:34:16.305] [DEBUG] [FluidAudio.OfflineDiarizer] Clustering will use 36/36 embeddings (NaN filtered)
[20:34:16.305] [DEBUG] [FluidAudio.OfflineVBx] VBx warm start clusters: 5 histogram: [1: 1, 0: 17, 4: 3, 2: 13, 3: 2]
[20:34:16.306] [DEBUG] [FluidAudio.OfflineVBx] VBx mixture weights – min: 5.238675570401882e-18, max: 0.4733917197642974, count: 5
[20:34:16.306] [DEBUG] [FluidAudio.OfflineDiarizer] Clustering completed in 0.0017369985580444336s with 3 centroids (assignment histogram: [2: 5, 1: 16, 0: 15])
[20:34:16.319] [DEBUG] [FluidAudio.OfflineReconstruction] Speaker-count histogram 0:748, 1:1402, 2:147
