✖ finite ProRes alpha motion preserves edges, orientation and off-grid phase on both backgrounds (75.818458ms)
ℹ tests 1
ℹ suites 0
ℹ pass 0
ℹ fail 1
ℹ cancelled 0
ℹ skipped 0
ℹ todo 0
ℹ duration_ms 149.170959

✖ failing tests:

test at helpers/mac/Tests/motion-alpha.test.mjs:24:1
✖ finite ProRes alpha motion preserves edges, orientation and off-grid phase on both backgrounds (75.818458ms)
  AssertionError [ERR_ASSERTION]: Expected values to be strictly equal:
  + actual - expected
  
  + undefined
  - 'ITU_R_709_2'
  
      at TestContext.<anonymous> (file:///Users/server/.t3/worktrees/screen-recorder/t3code-42e83c50/helpers/mac/Tests/motion-alpha.test.mjs:131:12)
      at Test.runInAsyncScope (node:async_hooks:227:14)
      at Test.run (node:internal/test_runner/test:1402:25)
      at Test.start (node:internal/test_runner/test:1262:17)
      at startSubtestAfterBootstrap (node:internal/test_runner/harness:387:17) {
    generatedMessage: true,
    code: 'ERR_ASSERTION',
    actual: undefined,
    expected: 'ITU_R_709_2',
    operator: 'strictEqual',
    diff: 'simple'
  }
