[20:34:14.577] [INFO] [FluidAudio.OfflineDiarizer] Offline diarizer models initialized
[20:34:14.608] [DEBUG] [FluidAudio.OfflineSegmentation] Offline segmentation: chunkSize=160000, stepSize=16000, totalSamples=480000
[20:34:14.609] [DEBUG] [FluidAudio.OfflineEmbedding] Offline embedding configured with FBANK input audio[1×1×160000] → fbank_features; embedding consumes fbank_features + weights[1×589] (frames=589), maxBatch=32, output=embedding
[20:34:14.800] [DEBUG] [FluidAudio.OfflineSegmentation] Chunk 0 speaker frame counts: [0, 431, 249]
[20:34:14.844] [DEBUG] [FluidAudio.OfflineSegmentation] Segmentation histogram: speechFrames=13028 totalFrames=17670 speechRatio=0.737 avgNonSpeechProb=0.258
[Profiling] Segmentation timings: windows=30 prepareTotal=0.68ms (perWindow=0.0226ms) predictionTotal=163.98ms (perWindow=5.4661ms)
[20:34:14.844] [DEBUG] [FluidAudio.OfflineSegmentation] Segmentation mask speech frames = 13036 / 17670 (ratio=0.738, speechSeconds≈221.3s)
[20:34:14.844] [DEBUG] [FluidAudio.OfflineSegmentation] Winning speaker probability stats: count=13028, avg=0.913, min=0.205, max=1.000
[20:34:14.844] [DEBUG] [FluidAudio.OfflineSegmentation] Winning probability distribution ≥0.500:12811, ≥0.700:11524, ≥0.800:10390, ≥0.900:9568, ≥0.950:8754, ≥0.980:7898, ≥0.990:7111, ≥0.995:6089, ≥0.999:2763
[20:34:14.844] [DEBUG] [FluidAudio.OfflineSegmentation] Empty-class probability on speech frames: avg=0.015
[20:34:14.844] [DEBUG] [FluidAudio.OfflineSegmentation] Segmentation timings: windows=30 prepareTotal=0.68ms (perWindow=0.0226ms) predictionTotal=163.98ms (perWindow=5.4661ms)
[Profiling] Embedding timings: fbankTotal=25.90ms (perWindow=0.863ms), maskPrepTotal=1.78ms (perEval=0.020ms), resampleTotal=0.00ms (perValid=0.000ms), embeddingTotal=53.17ms (perValid=1.477ms), pldaTotal=0.68ms (perValid=0.019ms), batches(fbank=1, plda=2)
[20:34:14.932] [DEBUG] [FluidAudio.OfflineEmbedding] Embedding masks generated: 36 (meanActiveFrames=313.11, fallbackMasks=0, emptyMasks=54)
[20:34:14.932] [DEBUG] [FluidAudio.OfflineEmbedding] Embedding timings: fbankTotal=25.90ms (perWindow=0.863ms), maskPrepTotal=1.78ms (perEval=0.020ms), resampleTotal=0.00ms (perValid=0.000ms), embeddingTotal=53.17ms (perValid=1.477ms), pldaTotal=0.68ms (perValid=0.019ms), batches(fbank=1, plda=2)
[20:34:14.932] [DEBUG] [FluidAudio.OfflineDiarizer] Segmentation completed in 0.23565292358398438s (async)
[20:34:14.932] [DEBUG] [FluidAudio.OfflineDiarizer] Embedding extraction produced 36 vectors in 0.3236180543899536s (async)
[20:34:14.933] [DEBUG] [FluidAudio.OfflineDiarizer] Clustering will use 36/36 embeddings (NaN filtered)
[20:34:14.933] [DEBUG] [FluidAudio.OfflineVBx] VBx warm start clusters: 5 histogram: [0: 17, 3: 2, 4: 3, 1: 1, 2: 13]
[20:34:14.934] [DEBUG] [FluidAudio.OfflineVBx] VBx mixture weights – min: 5.238675570401882e-18, max: 0.4733917197642974, count: 5
[20:34:14.934] [DEBUG] [FluidAudio.OfflineDiarizer] Clustering completed in 0.0017199516296386719s with 3 centroids (assignment histogram: [1: 16, 0: 15, 2: 5])
[20:34:14.947] [DEBUG] [FluidAudio.OfflineReconstruction] Speaker-count histogram 0:748, 1:1402, 2:147
