✖ pinned unchanged victim is atomically exchanged and retained until acknowledgement (319.807667ms)
ℹ tests 1
ℹ suites 0
ℹ pass 0
ℹ fail 1
ℹ cancelled 0
ℹ skipped 0
ℹ todo 0
ℹ duration_ms 362.307583

✖ failing tests:

test at helpers/mac/Tests/publication.test.mjs:148:1
✖ pinned unchanged victim is atomically exchanged and retained until acknowledgement (319.807667ms)
  AssertionError [ERR_ASSERTION]: {"ok":false,"id":"test","error":{"message":"Invalid publication parameters.","retryable":false,"details":{},"code":"INVALID_REQUEST"}}
  
  false !== true
  
      at TestContext.<anonymous> (file:///Users/server/dev/yap-exact-removal/helpers/mac/Tests/publication.test.mjs:159:10)
      at async Test.run (node:internal/test_runner/test:1409:7)
      at async startSubtestAfterBootstrap (node:internal/test_runner/harness:387:3) {
    generatedMessage: false,
    code: 'ERR_ASSERTION',
    actual: false,
    expected: true,
    operator: 'strictEqual',
    diff: 'simple'
  }
