✔ partial-alpha multiply includes uncovered source and backdrop in premultiplied linear light (0.662ms)
✔ soft-light keeps source/backdrop order and both branches of its light response (0.603459ms)
✔ transparent source is identity and screen/multiply neutral patches stay neutral (0.154417ms)
✔ raster verification refuses a delivered channel outside the declared arithmetic limit (1.096541ms)
✖ raster verification cannot certify only the matching prefix of an oversized image (0.215875ms)
ℹ tests 5
ℹ suites 0
ℹ pass 4
ℹ fail 1
ℹ cancelled 0
ℹ skipped 0
ℹ todo 0
ℹ duration_ms 49.438

✖ failing tests:

test at packages/test-harness/editing/blend-reference.test.mjs:42:1
✖ raster verification cannot certify only the matching prefix of an oversized image (0.215875ms)
  AssertionError [ERR_ASSERTION]: Missing expected exception.
      at TestContext.<anonymous> (file:///Users/server/dev/yap-blend-sheet/packages/test-harness/editing/blend-reference.test.mjs:44:10)
      at Test.runInAsyncScope (node:async_hooks:227:14)
      at Test.run (node:internal/test_runner/test:1402:25)
      at Test.processPendingSubtests (node:internal/test_runner/test:974:18)
      at Test.postRun (node:internal/test_runner/test:1542:19)
      at Test.run (node:internal/test_runner/test:1467:12)
      at async Test.processPendingSubtests (node:internal/test_runner/test:974:7) {
    generatedMessage: false,
    code: 'ERR_ASSERTION',
    actual: undefined,
    expected: /raster size/,
    operator: 'throws',
    diff: 'simple'
  }
