[in#0/f32le @ 0x7796c3c000] Estimating duration from bitrate, this may be inaccurate
[aist#0:0/pcm_f32le @ 0x7796c10180] Guessed Channel Layout: stereo
Input #0, f32le, from '/tmp/screenrec-audio-recipes/confirmation/compress-program.f32':
  Duration: 00:00:00.35, bitrate: 3072 kb/s
  Stream #0:0: Audio: pcm_f32le, 48000 Hz, stereo, flt, 3072 kb/s
[in#1/f32le @ 0x7796c3c280] Estimating duration from bitrate, this may be inaccurate
[aist#1:0/pcm_f32le @ 0x7796c10300] Guessed Channel Layout: stereo
Input #1, f32le, from '/tmp/screenrec-audio-recipes/confirmation/compress-detector.f32':
  Duration: 00:00:00.35, bitrate: 3072 kb/s
  Stream #1:0: Audio: pcm_f32le, 48000 Hz, stereo, flt, 3072 kb/s
Stream mapping:
  Stream #0:0 (pcm_f32le) -> asetnsamples:default
  Stream #1:0 (pcm_f32le) -> asetnsamples:default
  atrim:default -> Stream #0:0 (pcm_f32le)
Output #0, f32le, to '/tmp/screenrec-audio-recipes/confirmation/compress-crop.f32':
  Metadata:
    encoder         : Lavf63.1.102
  Stream #0:0: Audio: pcm_f32le, 48000 Hz, stereo, flt, 3072 kb/s
    Metadata:
      encoder         : Lavc63.1.102 pcm_f32le
[out#0/f32le @ 0x7796c08180] video:0KiB audio:95KiB subtitle:0KiB other streams:0KiB global headers:0KiB muxing overhead: 0.000000%
size=      95KiB time=00:00:00.31 bitrate=2448.2kbits/s speed= 268x elapsed=0:00:00.00    
