[in#0/f32le @ 0x7960c18000] Estimating duration from bitrate, this may be inaccurate
[aist#0:0/pcm_f32le @ 0x7960c10180] Guessed Channel Layout: mono
Input #0, f32le, from '/tmp/screenrec-audio-recipes/normalization-confirmation/dynamic-steady-mono-input.f32':
  Duration: 00:00:08.00, bitrate: 1411 kb/s
  Stream #0:0: Audio: pcm_f32le, 44100 Hz, mono, flt, 1411 kb/s
Stream mapping:
  Stream #0:0 -> #0:0 (pcm_f32le (native) -> pcm_f32le (native))
Output #0, f32le, to '/tmp/screenrec-audio-recipes/normalization-confirmation/dynamic-steady-mono.f32':
  Metadata:
    encoder         : Lavf63.1.102
  Stream #0:0: Audio: pcm_f32le, 44100 Hz, mono, flt, 1411 kb/s
    Metadata:
      encoder         : Lavc63.1.102 pcm_f32le
[Parsed_loudnorm_0 @ 0x796101c780] 
{
	"input_i" : "-27.79",
	"input_tp" : "-23.38",
	"input_lra" : "0.10",
	"input_thresh" : "-37.79",
	"output_i" : "-20.04",
	"output_tp" : "-15.55",
	"output_lra" : "0.10",
	"output_thresh" : "-30.04",
	"normalization_type" : "dynamic",
	"target_offset" : "0.04"
}
[out#0/f32le @ 0x796101c240] video:0KiB audio:1378KiB subtitle:0KiB other streams:0KiB global headers:0KiB muxing overhead: 0.000000%
size=    1378KiB time=00:00:08.00 bitrate=1411.2kbits/s speed=93.5x elapsed=0:00:00.08    
